[MGPU][P1.0c] P1.0c: NGX core=0x00007FF9A1B40000 snippet=0x00007FF9F2C10000
[CUDADIAG] variant=CUDA_DIAG_ON reachable=yes (the ARCHTEST nvapi_QueryInterface detour is compiled in)
[RESHADENATIVE] variant=reshade_native (P1.0c NGX lane on the unwrapped device)
[APPID] variant=APPID_NS reserved18 app_id=0x0000000001000000 - applies to the P1.0c and P4.1 Reserved18 sessions, core and snippet. The C2-SR session is NOT a Reserved18 session and is unchanged at 0x0000000000000000.
[APPID] P1 core app_id=0x0000000001000000
[MGPU][P1.0c] Init: result=0x00000001 (NVSDK_NGX_Result_Success) device=0x000001D4A2B0C000 luid=00000000-0000E18E app_id=16777216 sdk_version=0x0000015 log_callback=NOT INSTALLED data_path="F:\PC_GAMES\Cbrpnk 2zero77\bin\x64"
[APPID] P1 snippet app_id=0x0000000001000000
[MGPU][P1.0c] snippet Init_Ext: result=0x00000001 (NVSDK_NGX_Result_Success) device=0x000001D4A2B0C000 params=0x000001D4A2B12000
[CUDADIAG] GetCudaIndependentDescriptorObject seq=1 tid=20344 scope=P1.0c mismatch_seen=no pParams=0x0000004B2FEFA180
[CUDADIAG]   structSizeIn=48 structSizeOut=0
[CUDADIAG]   type=0 (SURFACE)
[CUDADIAG]   desc.ptr=0x1A4BAD70000
[CUDADIAG] GetCudaIndependentDescriptorObject before pDevice=0x000001D4A2B0C000 GetAdapterLuid=00000000-0000E18E expected_luid=00000000-0000E18E match=yes selected_pci=0x00002786
[CUDADIAG] GetCudaIndependentDescriptorObject status=0 (0x00000000)
[CUDADIAG]   returned handle=0x1A4BAD7000
[MGPU][P1.0c] CreateFeature(Reserved18) via nvngx_dlssnr.dll (snippet): result=0x00000001 (NVSDK_NGX_Result_Success) handle=0x1D4A2B0C000 1280x720 elapsed=3ms
[CUDADIAG] CreateCuModule seq=1 tid=20344 scope=P1.0c mismatch_seen=no pBlob=0x000001D4A1000000 size=3944768 phModule=0x0000004B2FEFA1C0
[CUDADIAG] CreateCuModule before pDevice=0x000001D4A2B0C000 GetAdapterLuid=00000000-0000E18E expected_luid=00000000-0000E18E match=yes selected_pci=0x00002786
[CUDADIAG] CreateCuModule status=0 (0x00000000)
[CUDADIAG]   returned module handle=0x000000000000A000
[APPID] P4 core app_id=0x0000000001000000
[MGPU][P4.1] Init: result=0x00000001 (NVSDK_NGX_Result_Success)
[APPID] P4 snippet app_id=0x0000000001000000
[CUDADIAG] CreateCuModule seq=2 tid=20344 scope=P4.1 mismatch_seen=no pBlob=0x000001D4A1000000 size=3944768 phModule=0x0000004B2FEFA2C0
[CUDADIAG] CreateCuModule before pDevice=0x000001D4A2B0C000 GetAdapterLuid=00000000-0000E18E expected_luid=00000000-0000E18E match=yes selected_pci=0x00002786
[CUDADIAG] CreateCuModule status=0 (0x00000000)
[CUDADIAG]   returned module handle=0x000000000000A000
[MGPU][P4.1] CreateFeature(Reserved18) handle 1/2 1280x720 fmt=10: result=0x00000001 (NVSDK_NGX_Result_Success) handle=0x1D4A2B0C100 elapsed=6ms
